#-----------------------------------------------------------
# Vivado v2024.2 (64-bit)
# SW Build 5239630 on Fri Nov 08 22:35:27 MST 2024
# IP Build 5239520 on Sun Nov 10 16:12:51 MST 2024
# SharedData Build 5239561 on Fri Nov 08 14:39:27 MST 2024
# Start of session at: Mon Nov 10 20:06:35 2025
# Process ID         : 5964
# Current directory  : D:/xilinx_project/zync7000_test/Open_Source_IoT/1_PlayGround/2_PMOD_LED_Control/2_PMOD_LED_Control.runs/system_axi_gpio_0_0_synth_1
# Command line       : vivado.exe -log system_axi_gpio_0_0.vds -product Vivado -mode batch -messageDb vivado.pb -notrace -source system_axi_gpio_0_0.tcl
# Log file           : D:/xilinx_project/zync7000_test/Open_Source_IoT/1_PlayGround/2_PMOD_LED_Control/2_PMOD_LED_Control.runs/system_axi_gpio_0_0_synth_1/system_axi_gpio_0_0.vds
# Journal file       : D:/xilinx_project/zync7000_test/Open_Source_IoT/1_PlayGround/2_PMOD_LED_Control/2_PMOD_LED_Control.runs/system_axi_gpio_0_0_synth_1\vivado.jou
# Running On         : NPIT-DIGITAL-01
# Platform           : Windows Server 2016 or Windows 10
# Operating System   : 26100
# Processor Detail   : 13th Gen Intel(R) Core(TM) i9-13900K
# CPU Frequency      : 2995 MHz
# CPU Physical cores : 24
# CPU Logical cores  : 32
# Host memory        : 68410 MB
# Swap memory        : 4294 MB
# Total Virtual      : 72705 MB
# Available Virtual  : 42409 MB
#-----------------------------------------------------------
source system_axi_gpio_0_0.tcl -notrace
